error: expected serde rename attribute to be a string or integer: `rename = ...`
 --> tests/ui/expected-string/float.rs:5:22
  |
5 |     #[serde(rename = 3.14)]
  |                      ^^^^
